TMGT-CMV Monte Carlo (1000 reps/cell, N=200, extended=TRUE)

Scenario: null_tmgt (Null TMGT (linear only))
  N = 200
  CMV=0.00, same_source=TRUE, rho=(0.00,0.00,0.00), asym=FALSE ... Type I X2=0.062, Type II X2=NaN, Power X2=NA
  CMV=0.25, same_source=TRUE, rho=(0.00,0.00,0.00), asym=FALSE ... Type I X2=0.048, Type II X2=NaN, Power X2=NA
  CMV=0.50, same_source=TRUE, rho=(0.00,0.00,0.00), asym=FALSE ... Type I X2=0.057, Type II X2=NaN, Power X2=NA
  CMV=0.00, same_source=FALSE, rho=(0.00,0.00,0.00), asym=FALSE ... Type I X2=0.048, Type II X2=NaN, Power X2=NA
  CMV=0.25, same_source=FALSE, rho=(0.00,0.00,0.00), asym=FALSE ... Type I X2=0.057, Type II X2=NaN, Power X2=NA
  CMV=0.50, same_source=FALSE, rho=(0.00,0.00,0.00), asym=FALSE ... Type I X2=0.058, Type II X2=NaN, Power X2=NA
  CMV=0.00, same_source=TRUE, rho=(0.30,0.30,0.30), asym=FALSE ... Type I X2=0.044, Type II X2=NaN, Power X2=NA
  CMV=0.25, same_source=TRUE, rho=(0.30,0.30,0.30), asym=FALSE ... Type I X2=0.046, Type II X2=NaN, Power X2=NA
  CMV=0.50, same_source=TRUE, rho=(0.30,0.30,0.30), asym=FALSE ... Type I X2=0.046, Type II X2=NaN, Power X2=NA
  CMV=0.00, same_source=FALSE, rho=(0.30,0.30,0.30), asym=FALSE ... Type I X2=0.054, Type II X2=NaN, Power X2=NA
  CMV=0.25, same_source=FALSE, rho=(0.30,0.30,0.30), asym=FALSE ... Type I X2=0.053, Type II X2=NaN, Power X2=NA
  CMV=0.50, same_source=FALSE, rho=(0.30,0.30,0.30), asym=FALSE ... Type I X2=0.051, Type II X2=NaN, Power X2=NA
  CMV=0.25, same_source=TRUE, rho=(0.30,0.00,0.00), asym=TRUE ... Type I X2=0.052, Type II X2=NaN, Power X2=NA
  CMV=0.25, same_source=TRUE, rho=(0.30,0.10,0.00), asym=TRUE ... Type I X2=0.054, Type II X2=NaN, Power X2=NA
  CMV=0.50, same_source=TRUE, rho=(0.30,0.00,0.00), asym=TRUE ... Type I X2=0.051, Type II X2=NaN, Power X2=NA
  N = 340
  CMV=0.00, same_source=TRUE, rho=(0.00,0.00,0.00), asym=FALSE ... Type I X2=0.043, Type II X2=NaN, Power X2=NA
  CMV=0.25, same_source=TRUE, rho=(0.00,0.00,0.00), asym=FALSE ... Type I X2=0.063, Type II X2=NaN, Power X2=NA
  CMV=0.50, same_source=TRUE, rho=(0.00,0.00,0.00), asym=FALSE ... Type I X2=0.054, Type II X2=NaN, Power X2=NA
  CMV=0.00, same_source=FALSE, rho=(0.00,0.00,0.00), asym=FALSE ... Type I X2=0.045, Type II X2=NaN, Power X2=NA
  CMV=0.25, same_source=FALSE, rho=(0.00,0.00,0.00), asym=FALSE ... Type I X2=0.045, Type II X2=NaN, Power X2=NA
  CMV=0.50, same_source=FALSE, rho=(0.00,0.00,0.00), asym=FALSE ... Type I X2=0.052, Type II X2=NaN, Power X2=NA
  CMV=0.00, same_source=TRUE, rho=(0.30,0.30,0.30), asym=FALSE ... Type I X2=0.042, Type II X2=NaN, Power X2=NA
  CMV=0.25, same_source=TRUE, rho=(0.30,0.30,0.30), asym=FALSE ... Type I X2=0.057, Type II X2=NaN, Power X2=NA
  CMV=0.50, same_source=TRUE, rho=(0.30,0.30,0.30), asym=FALSE ... Type I X2=0.041, Type II X2=NaN, Power X2=NA
  CMV=0.00, same_source=FALSE, rho=(0.30,0.30,0.30), asym=FALSE ... Type I X2=0.054, Type II X2=NaN, Power X2=NA
  CMV=0.25, same_source=FALSE, rho=(0.30,0.30,0.30), asym=FALSE ... Type I X2=0.048, Type II X2=NaN, Power X2=NA
  CMV=0.50, same_source=FALSE, rho=(0.30,0.30,0.30), asym=FALSE ... Type I X2=0.044, Type II X2=NaN, Power X2=NA
  CMV=0.25, same_source=TRUE, rho=(0.30,0.00,0.00), asym=TRUE ... Type I X2=0.040, Type II X2=NaN, Power X2=NA
  CMV=0.25, same_source=TRUE, rho=(0.30,0.10,0.00), asym=TRUE ... Type I X2=0.055, Type II X2=NaN, Power X2=NA
  CMV=0.50, same_source=TRUE, rho=(0.30,0.00,0.00), asym=TRUE ... Type I X2=0.050, Type II X2=NaN, Power X2=NA

Scenario: simple_tmgt (Simple TMGT (inverted-U))
  N = 200
  CMV=0.00, same_source=TRUE, rho=(0.00,0.00,0.00), asym=FALSE ... Type I X2=NaN, Type II X2=0.312, Power X2=0.688
  CMV=0.25, same_source=TRUE, rho=(0.00,0.00,0.00), asym=FALSE ... Type I X2=NaN, Type II X2=0.684, Power X2=0.316
  CMV=0.50, same_source=TRUE, rho=(0.00,0.00,0.00), asym=FALSE ... Type I X2=NaN, Type II X2=0.885, Power X2=0.115
  CMV=0.00, same_source=FALSE, rho=(0.00,0.00,0.00), asym=FALSE ... Type I X2=NaN, Type II X2=0.333, Power X2=0.667
  CMV=0.25, same_source=FALSE, rho=(0.00,0.00,0.00), asym=FALSE ... Type I X2=NaN, Type II X2=0.714, Power X2=0.286
  CMV=0.50, same_source=FALSE, rho=(0.00,0.00,0.00), asym=FALSE ... Type I X2=NaN, Type II X2=0.881, Power X2=0.119
  CMV=0.00, same_source=TRUE, rho=(0.30,0.30,0.30), asym=FALSE ... Type I X2=NaN, Type II X2=0.321, Power X2=0.679
  CMV=0.25, same_source=TRUE, rho=(0.30,0.30,0.30), asym=FALSE ... Type I X2=NaN, Type II X2=0.711, Power X2=0.289
  CMV=0.50, same_source=TRUE, rho=(0.30,0.30,0.30), asym=FALSE ... Type I X2=NaN, Type II X2=0.876, Power X2=0.124
  CMV=0.00, same_source=FALSE, rho=(0.30,0.30,0.30), asym=FALSE ... Type I X2=NaN, Type II X2=0.324, Power X2=0.676
  CMV=0.25, same_source=FALSE, rho=(0.30,0.30,0.30), asym=FALSE ... Type I X2=NaN, Type II X2=0.701, Power X2=0.299
  CMV=0.50, same_source=FALSE, rho=(0.30,0.30,0.30), asym=FALSE ... Type I X2=NaN, Type II X2=0.899, Power X2=0.101
  CMV=0.25, same_source=TRUE, rho=(0.30,0.00,0.00), asym=TRUE ... Type I X2=NaN, Type II X2=0.682, Power X2=0.318
  CMV=0.25, same_source=TRUE, rho=(0.30,0.10,0.00), asym=TRUE ... Type I X2=NaN, Type II X2=0.688, Power X2=0.312
  CMV=0.50, same_source=TRUE, rho=(0.30,0.00,0.00), asym=TRUE ... Type I X2=NaN, Type II X2=0.891, Power X2=0.109
  N = 340
  CMV=0.00, same_source=TRUE, rho=(0.00,0.00,0.00), asym=FALSE ... Type I X2=NaN, Type II X2=0.105, Power X2=0.895
  CMV=0.25, same_source=TRUE, rho=(0.00,0.00,0.00), asym=FALSE ... Type I X2=NaN, Type II X2=0.540, Power X2=0.460
  CMV=0.50, same_source=TRUE, rho=(0.00,0.00,0.00), asym=FALSE ... Type I X2=NaN, Type II X2=0.844, Power X2=0.156
  CMV=0.00, same_source=FALSE, rho=(0.00,0.00,0.00), asym=FALSE ... Type I X2=NaN, Type II X2=0.098, Power X2=0.902
  CMV=0.25, same_source=FALSE, rho=(0.00,0.00,0.00), asym=FALSE ... Type I X2=NaN, Type II X2=0.492, Power X2=0.508
  CMV=0.50, same_source=FALSE, rho=(0.00,0.00,0.00), asym=FALSE ... Type I X2=NaN, Type II X2=0.845, Power X2=0.155
  CMV=0.00, same_source=TRUE, rho=(0.30,0.30,0.30), asym=FALSE ... Type I X2=NaN, Type II X2=0.118, Power X2=0.882
  CMV=0.25, same_source=TRUE, rho=(0.30,0.30,0.30), asym=FALSE ... Type I X2=NaN, Type II X2=0.522, Power X2=0.478
  CMV=0.50, same_source=TRUE, rho=(0.30,0.30,0.30), asym=FALSE ... Type I X2=NaN, Type II X2=0.827, Power X2=0.173
  CMV=0.00, same_source=FALSE, rho=(0.30,0.30,0.30), asym=FALSE ... Type I X2=NaN, Type II X2=0.105, Power X2=0.895
  CMV=0.25, same_source=FALSE, rho=(0.30,0.30,0.30), asym=FALSE ... Type I X2=NaN, Type II X2=0.528, Power X2=0.472
  CMV=0.50, same_source=FALSE, rho=(0.30,0.30,0.30), asym=FALSE ... Type I X2=NaN, Type II X2=0.827, Power X2=0.173
  CMV=0.25, same_source=TRUE, rho=(0.30,0.00,0.00), asym=TRUE ... Type I X2=NaN, Type II X2=0.522, Power X2=0.478
  CMV=0.25, same_source=TRUE, rho=(0.30,0.10,0.00), asym=TRUE ... Type I X2=NaN, Type II X2=0.480, Power X2=0.520
  CMV=0.50, same_source=TRUE, rho=(0.30,0.00,0.00), asym=TRUE ... Type I X2=NaN, Type II X2=0.827, Power X2=0.173

Scenario: moderated_tmgt (Moderated TMGT (peak shifts with W))
  N = 200
  CMV=0.00, same_source=TRUE, rho=(0.00,0.00,0.00), asym=FALSE ... Type I X2=NaN, Type II X2=0.356, Power X2=0.644
  CMV=0.25, same_source=TRUE, rho=(0.00,0.00,0.00), asym=FALSE ... Type I X2=NaN, Type II X2=0.704, Power X2=0.296
  CMV=0.50, same_source=TRUE, rho=(0.00,0.00,0.00), asym=FALSE ... Type I X2=NaN, Type II X2=0.875, Power X2=0.125
  CMV=0.00, same_source=FALSE, rho=(0.00,0.00,0.00), asym=FALSE ... Type I X2=NaN, Type II X2=0.355, Power X2=0.645
  CMV=0.25, same_source=FALSE, rho=(0.00,0.00,0.00), asym=FALSE ... Type I X2=NaN, Type II X2=0.703, Power X2=0.297
  CMV=0.50, same_source=FALSE, rho=(0.00,0.00,0.00), asym=FALSE ... Type I X2=NaN, Type II X2=0.899, Power X2=0.101
  CMV=0.00, same_source=TRUE, rho=(0.30,0.30,0.30), asym=FALSE ... Type I X2=NaN, Type II X2=0.343, Power X2=0.657
  CMV=0.25, same_source=TRUE, rho=(0.30,0.30,0.30), asym=FALSE ... Type I X2=NaN, Type II X2=0.700, Power X2=0.300
  CMV=0.50, same_source=TRUE, rho=(0.30,0.30,0.30), asym=FALSE ... Type I X2=NaN, Type II X2=0.894, Power X2=0.106
  CMV=0.00, same_source=FALSE, rho=(0.30,0.30,0.30), asym=FALSE ... Type I X2=NaN, Type II X2=0.367, Power X2=0.633
  CMV=0.25, same_source=FALSE, rho=(0.30,0.30,0.30), asym=FALSE ... Type I X2=NaN, Type II X2=0.706, Power X2=0.294
  CMV=0.50, same_source=FALSE, rho=(0.30,0.30,0.30), asym=FALSE ... Type I X2=NaN, Type II X2=0.876, Power X2=0.124
  CMV=0.25, same_source=TRUE, rho=(0.30,0.00,0.00), asym=TRUE ... Type I X2=NaN, Type II X2=0.716, Power X2=0.284
  CMV=0.25, same_source=TRUE, rho=(0.30,0.10,0.00), asym=TRUE ... Type I X2=NaN, Type II X2=0.701, Power X2=0.299
  CMV=0.50, same_source=TRUE, rho=(0.30,0.00,0.00), asym=TRUE ... Type I X2=NaN, Type II X2=0.885, Power X2=0.115
  N = 340
  CMV=0.00, same_source=TRUE, rho=(0.00,0.00,0.00), asym=FALSE ... Type I X2=NaN, Type II X2=0.128, Power X2=0.872
  CMV=0.25, same_source=TRUE, rho=(0.00,0.00,0.00), asym=FALSE ... Type I X2=NaN, Type II X2=0.554, Power X2=0.446
  CMV=0.50, same_source=TRUE, rho=(0.00,0.00,0.00), asym=FALSE ... Type I X2=NaN, Type II X2=0.849, Power X2=0.151
  CMV=0.00, same_source=FALSE, rho=(0.00,0.00,0.00), asym=FALSE ... Type I X2=NaN, Type II X2=0.110, Power X2=0.890
  CMV=0.25, same_source=FALSE, rho=(0.00,0.00,0.00), asym=FALSE ... Type I X2=NaN, Type II X2=0.535, Power X2=0.465
  CMV=0.50, same_source=FALSE, rho=(0.00,0.00,0.00), asym=FALSE ... Type I X2=NaN, Type II X2=0.848, Power X2=0.152
  CMV=0.00, same_source=TRUE, rho=(0.30,0.30,0.30), asym=FALSE ... Type I X2=NaN, Type II X2=0.113, Power X2=0.887
  CMV=0.25, same_source=TRUE, rho=(0.30,0.30,0.30), asym=FALSE ... Type I X2=NaN, Type II X2=0.534, Power X2=0.466
  CMV=0.50, same_source=TRUE, rho=(0.30,0.30,0.30), asym=FALSE ... Type I X2=NaN, Type II X2=0.828, Power X2=0.172
  CMV=0.00, same_source=FALSE, rho=(0.30,0.30,0.30), asym=FALSE ... Type I X2=NaN, Type II X2=0.125, Power X2=0.875
  CMV=0.25, same_source=FALSE, rho=(0.30,0.30,0.30), asym=FALSE ... Type I X2=NaN, Type II X2=0.528, Power X2=0.472
  CMV=0.50, same_source=FALSE, rho=(0.30,0.30,0.30), asym=FALSE ... Type I X2=NaN, Type II X2=0.830, Power X2=0.170
  CMV=0.25, same_source=TRUE, rho=(0.30,0.00,0.00), asym=TRUE ... Type I X2=NaN, Type II X2=0.547, Power X2=0.453
  CMV=0.25, same_source=TRUE, rho=(0.30,0.10,0.00), asym=TRUE ... Type I X2=NaN, Type II X2=0.520, Power X2=0.480
  CMV=0.50, same_source=TRUE, rho=(0.30,0.00,0.00), asym=TRUE ... Type I X2=NaN, Type II X2=0.849, Power X2=0.151

Scenario: ideal_tmgt (Ideal TMGT (strong inverted-U))
  N = 200
  CMV=0.00, same_source=TRUE, rho=(0.00,0.00,0.00), asym=FALSE ... Type I X2=NaN, Type II X2=0.007, Power X2=0.993
  CMV=0.25, same_source=TRUE, rho=(0.00,0.00,0.00), asym=FALSE ... Type I X2=NaN, Type II X2=0.276, Power X2=0.724
  CMV=0.50, same_source=TRUE, rho=(0.00,0.00,0.00), asym=FALSE ... Type I X2=NaN, Type II X2=0.730, Power X2=0.270
  CMV=0.00, same_source=FALSE, rho=(0.00,0.00,0.00), asym=FALSE ... Type I X2=NaN, Type II X2=0.007, Power X2=0.993
  CMV=0.25, same_source=FALSE, rho=(0.00,0.00,0.00), asym=FALSE ... Type I X2=NaN, Type II X2=0.244, Power X2=0.756
  CMV=0.50, same_source=FALSE, rho=(0.00,0.00,0.00), asym=FALSE ... Type I X2=NaN, Type II X2=0.757, Power X2=0.243
  CMV=0.00, same_source=TRUE, rho=(0.30,0.30,0.30), asym=FALSE ... Type I X2=NaN, Type II X2=0.008, Power X2=0.992
  CMV=0.25, same_source=TRUE, rho=(0.30,0.30,0.30), asym=FALSE ... Type I X2=NaN, Type II X2=0.273, Power X2=0.727
  CMV=0.50, same_source=TRUE, rho=(0.30,0.30,0.30), asym=FALSE ... Type I X2=NaN, Type II X2=0.717, Power X2=0.283
  CMV=0.00, same_source=FALSE, rho=(0.30,0.30,0.30), asym=FALSE ... Type I X2=NaN, Type II X2=0.007, Power X2=0.993
  CMV=0.25, same_source=FALSE, rho=(0.30,0.30,0.30), asym=FALSE ... Type I X2=NaN, Type II X2=0.270, Power X2=0.730
  CMV=0.50, same_source=FALSE, rho=(0.30,0.30,0.30), asym=FALSE ... Type I X2=NaN, Type II X2=0.752, Power X2=0.248
  CMV=0.25, same_source=TRUE, rho=(0.30,0.00,0.00), asym=TRUE ... Type I X2=NaN, Type II X2=0.254, Power X2=0.746
  CMV=0.25, same_source=TRUE, rho=(0.30,0.10,0.00), asym=TRUE ... Type I X2=NaN, Type II X2=0.286, Power X2=0.714
  CMV=0.50, same_source=TRUE, rho=(0.30,0.00,0.00), asym=TRUE ... Type I X2=NaN, Type II X2=0.750, Power X2=0.250
  N = 340
  CMV=0.00, same_source=TRUE, rho=(0.00,0.00,0.00), asym=FALSE ... Type I X2=NaN, Type II X2=0.000, Power X2=1.000
  CMV=0.25, same_source=TRUE, rho=(0.00,0.00,0.00), asym=FALSE ... Type I X2=NaN, Type II X2=0.070, Power X2=0.930
  CMV=0.50, same_source=TRUE, rho=(0.00,0.00,0.00), asym=FALSE ... Type I X2=NaN, Type II X2=0.602, Power X2=0.398
  CMV=0.00, same_source=FALSE, rho=(0.00,0.00,0.00), asym=FALSE ... Type I X2=NaN, Type II X2=0.000, Power X2=1.000
  CMV=0.25, same_source=FALSE, rho=(0.00,0.00,0.00), asym=FALSE ... Type I X2=NaN, Type II X2=0.097, Power X2=0.903
  CMV=0.50, same_source=FALSE, rho=(0.00,0.00,0.00), asym=FALSE ... Type I X2=NaN, Type II X2=0.578, Power X2=0.422
  CMV=0.00, same_source=TRUE, rho=(0.30,0.30,0.30), asym=FALSE ... Type I X2=NaN, Type II X2=0.000, Power X2=1.000
  CMV=0.25, same_source=TRUE, rho=(0.30,0.30,0.30), asym=FALSE ... Type I X2=NaN, Type II X2=0.058, Power X2=0.942
  CMV=0.50, same_source=TRUE, rho=(0.30,0.30,0.30), asym=FALSE ... Type I X2=NaN, Type II X2=0.616, Power X2=0.384
  CMV=0.00, same_source=FALSE, rho=(0.30,0.30,0.30), asym=FALSE ... Type I X2=NaN, Type II X2=0.000, Power X2=1.000
  CMV=0.25, same_source=FALSE, rho=(0.30,0.30,0.30), asym=FALSE ... Type I X2=NaN, Type II X2=0.074, Power X2=0.926
  CMV=0.50, same_source=FALSE, rho=(0.30,0.30,0.30), asym=FALSE ... Type I X2=NaN, Type II X2=0.553, Power X2=0.447
  CMV=0.25, same_source=TRUE, rho=(0.30,0.00,0.00), asym=TRUE ... Type I X2=NaN, Type II X2=0.092, Power X2=0.908
  CMV=0.25, same_source=TRUE, rho=(0.30,0.10,0.00), asym=TRUE ... Type I X2=NaN, Type II X2=0.079, Power X2=0.921
  CMV=0.50, same_source=TRUE, rho=(0.30,0.00,0.00), asym=TRUE ... Type I X2=NaN, Type II X2=0.604, Power X2=0.396

Scenario: grant_ambivert (Grant (2013) ambivert advantage)
  N = 200
  CMV=0.00, same_source=TRUE, rho=(0.00,0.00,0.00), asym=FALSE ... Type I X2=NaN, Type II X2=0.662, Power X2=0.338
  CMV=0.25, same_source=TRUE, rho=(0.00,0.00,0.00), asym=FALSE ... Type I X2=NaN, Type II X2=0.829, Power X2=0.171
  CMV=0.50, same_source=TRUE, rho=(0.00,0.00,0.00), asym=FALSE ... Type I X2=NaN, Type II X2=0.910, Power X2=0.090
  CMV=0.00, same_source=FALSE, rho=(0.00,0.00,0.00), asym=FALSE ... Type I X2=NaN, Type II X2=0.661, Power X2=0.339
  CMV=0.25, same_source=FALSE, rho=(0.00,0.00,0.00), asym=FALSE ... Type I X2=NaN, Type II X2=0.827, Power X2=0.173
  CMV=0.50, same_source=FALSE, rho=(0.00,0.00,0.00), asym=FALSE ... Type I X2=NaN, Type II X2=0.904, Power X2=0.096
  CMV=0.00, same_source=TRUE, rho=(0.30,0.30,0.30), asym=FALSE ... Type I X2=NaN, Type II X2=0.670, Power X2=0.330
  CMV=0.25, same_source=TRUE, rho=(0.30,0.30,0.30), asym=FALSE ... Type I X2=NaN, Type II X2=0.799, Power X2=0.201
  CMV=0.50, same_source=TRUE, rho=(0.30,0.30,0.30), asym=FALSE ... Type I X2=NaN, Type II X2=0.881, Power X2=0.119
  CMV=0.00, same_source=FALSE, rho=(0.30,0.30,0.30), asym=FALSE ... Type I X2=NaN, Type II X2=0.651, Power X2=0.349
  CMV=0.25, same_source=FALSE, rho=(0.30,0.30,0.30), asym=FALSE ... Type I X2=NaN, Type II X2=0.835, Power X2=0.165
  CMV=0.50, same_source=FALSE, rho=(0.30,0.30,0.30), asym=FALSE ... Type I X2=NaN, Type II X2=0.893, Power X2=0.107
  CMV=0.25, same_source=TRUE, rho=(0.30,0.00,0.00), asym=TRUE ... Type I X2=NaN, Type II X2=0.815, Power X2=0.185
  CMV=0.25, same_source=TRUE, rho=(0.30,0.10,0.00), asym=TRUE ... Type I X2=NaN, Type II X2=0.813, Power X2=0.187
  CMV=0.50, same_source=TRUE, rho=(0.30,0.00,0.00), asym=TRUE ... Type I X2=NaN, Type II X2=0.881, Power X2=0.119
  N = 340
  CMV=0.00, same_source=TRUE, rho=(0.00,0.00,0.00), asym=FALSE ... Type I X2=NaN, Type II X2=0.503, Power X2=0.497
  CMV=0.25, same_source=TRUE, rho=(0.00,0.00,0.00), asym=FALSE ... Type I X2=NaN, Type II X2=0.753, Power X2=0.247
  CMV=0.50, same_source=TRUE, rho=(0.00,0.00,0.00), asym=FALSE ... Type I X2=NaN, Type II X2=0.852, Power X2=0.148
  CMV=0.00, same_source=FALSE, rho=(0.00,0.00,0.00), asym=FALSE ... Type I X2=NaN, Type II X2=0.444, Power X2=0.556
  CMV=0.25, same_source=FALSE, rho=(0.00,0.00,0.00), asym=FALSE ... Type I X2=NaN, Type II X2=0.751, Power X2=0.249
  CMV=0.50, same_source=FALSE, rho=(0.00,0.00,0.00), asym=FALSE ... Type I X2=NaN, Type II X2=0.828, Power X2=0.172
  CMV=0.00, same_source=TRUE, rho=(0.30,0.30,0.30), asym=FALSE ... Type I X2=NaN, Type II X2=0.483, Power X2=0.517
  CMV=0.25, same_source=TRUE, rho=(0.30,0.30,0.30), asym=FALSE ... Type I X2=NaN, Type II X2=0.751, Power X2=0.249
  CMV=0.50, same_source=TRUE, rho=(0.30,0.30,0.30), asym=FALSE ... Type I X2=NaN, Type II X2=0.842, Power X2=0.158
  CMV=0.00, same_source=FALSE, rho=(0.30,0.30,0.30), asym=FALSE ... Type I X2=NaN, Type II X2=0.449, Power X2=0.551
  CMV=0.25, same_source=FALSE, rho=(0.30,0.30,0.30), asym=FALSE ... Type I X2=NaN, Type II X2=0.745, Power X2=0.255
  CMV=0.50, same_source=FALSE, rho=(0.30,0.30,0.30), asym=FALSE ... Type I X2=NaN, Type II X2=0.840, Power X2=0.160
  CMV=0.25, same_source=TRUE, rho=(0.30,0.00,0.00), asym=TRUE ... Type I X2=NaN, Type II X2=0.724, Power X2=0.276
  CMV=0.25, same_source=TRUE, rho=(0.30,0.10,0.00), asym=TRUE ... Type I X2=NaN, Type II X2=0.740, Power X2=0.260
  CMV=0.50, same_source=TRUE, rho=(0.30,0.00,0.00), asym=TRUE ... Type I X2=NaN, Type II X2=0.853, Power X2=0.147

Scenario: grant_null (Grant-style null (linear extraversion only))
  N = 200
  CMV=0.00, same_source=TRUE, rho=(0.00,0.00,0.00), asym=FALSE ... Type I X2=0.060, Type II X2=NaN, Power X2=NA
  CMV=0.25, same_source=TRUE, rho=(0.00,0.00,0.00), asym=FALSE ... Type I X2=0.056, Type II X2=NaN, Power X2=NA
  CMV=0.50, same_source=TRUE, rho=(0.00,0.00,0.00), asym=FALSE ... Type I X2=0.041, Type II X2=NaN, Power X2=NA
  CMV=0.00, same_source=FALSE, rho=(0.00,0.00,0.00), asym=FALSE ... Type I X2=0.049, Type II X2=NaN, Power X2=NA
  CMV=0.25, same_source=FALSE, rho=(0.00,0.00,0.00), asym=FALSE ... Type I X2=0.045, Type II X2=NaN, Power X2=NA
  CMV=0.50, same_source=FALSE, rho=(0.00,0.00,0.00), asym=FALSE ... Type I X2=0.055, Type II X2=NaN, Power X2=NA
  CMV=0.00, same_source=TRUE, rho=(0.30,0.30,0.30), asym=FALSE ... Type I X2=0.050, Type II X2=NaN, Power X2=NA
  CMV=0.25, same_source=TRUE, rho=(0.30,0.30,0.30), asym=FALSE ... Type I X2=0.050, Type II X2=NaN, Power X2=NA
  CMV=0.50, same_source=TRUE, rho=(0.30,0.30,0.30), asym=FALSE ... Type I X2=0.054, Type II X2=NaN, Power X2=NA
  CMV=0.00, same_source=FALSE, rho=(0.30,0.30,0.30), asym=FALSE ... Type I X2=0.058, Type II X2=NaN, Power X2=NA
  CMV=0.25, same_source=FALSE, rho=(0.30,0.30,0.30), asym=FALSE ... Type I X2=0.047, Type II X2=NaN, Power X2=NA
  CMV=0.50, same_source=FALSE, rho=(0.30,0.30,0.30), asym=FALSE ... Type I X2=0.050, Type II X2=NaN, Power X2=NA
  CMV=0.25, same_source=TRUE, rho=(0.30,0.00,0.00), asym=TRUE ... Type I X2=0.057, Type II X2=NaN, Power X2=NA
  CMV=0.25, same_source=TRUE, rho=(0.30,0.10,0.00), asym=TRUE ... Type I X2=0.059, Type II X2=NaN, Power X2=NA
  CMV=0.50, same_source=TRUE, rho=(0.30,0.00,0.00), asym=TRUE ... Type I X2=0.051, Type II X2=NaN, Power X2=NA
  N = 340
  CMV=0.00, same_source=TRUE, rho=(0.00,0.00,0.00), asym=FALSE ... Type I X2=0.053, Type II X2=NaN, Power X2=NA
  CMV=0.25, same_source=TRUE, rho=(0.00,0.00,0.00), asym=FALSE ... Type I X2=0.047, Type II X2=NaN, Power X2=NA
  CMV=0.50, same_source=TRUE, rho=(0.00,0.00,0.00), asym=FALSE ... Type I X2=0.048, Type II X2=NaN, Power X2=NA
  CMV=0.00, same_source=FALSE, rho=(0.00,0.00,0.00), asym=FALSE ... Type I X2=0.043, Type II X2=NaN, Power X2=NA
  CMV=0.25, same_source=FALSE, rho=(0.00,0.00,0.00), asym=FALSE ... Type I X2=0.061, Type II X2=NaN, Power X2=NA
  CMV=0.50, same_source=FALSE, rho=(0.00,0.00,0.00), asym=FALSE ... Type I X2=0.050, Type II X2=NaN, Power X2=NA
  CMV=0.00, same_source=TRUE, rho=(0.30,0.30,0.30), asym=FALSE ... Type I X2=0.061, Type II X2=NaN, Power X2=NA
  CMV=0.25, same_source=TRUE, rho=(0.30,0.30,0.30), asym=FALSE ... Type I X2=0.045, Type II X2=NaN, Power X2=NA
  CMV=0.50, same_source=TRUE, rho=(0.30,0.30,0.30), asym=FALSE ... Type I X2=0.056, Type II X2=NaN, Power X2=NA
  CMV=0.00, same_source=FALSE, rho=(0.30,0.30,0.30), asym=FALSE ... Type I X2=0.051, Type II X2=NaN, Power X2=NA
  CMV=0.25, same_source=FALSE, rho=(0.30,0.30,0.30), asym=FALSE ... Type I X2=0.045, Type II X2=NaN, Power X2=NA
  CMV=0.50, same_source=FALSE, rho=(0.30,0.30,0.30), asym=FALSE ... Type I X2=0.050, Type II X2=NaN, Power X2=NA
  CMV=0.25, same_source=TRUE, rho=(0.30,0.00,0.00), asym=TRUE ... Type I X2=0.045, Type II X2=NaN, Power X2=NA
  CMV=0.25, same_source=TRUE, rho=(0.30,0.10,0.00), asym=TRUE ... Type I X2=0.066, Type II X2=NaN, Power X2=NA
  CMV=0.50, same_source=TRUE, rho=(0.30,0.00,0.00), asym=TRUE ... Type I X2=0.059, Type II X2=NaN, Power X2=NA

Measurement sensitivity: Grant (2013) ambivert advantage
  profile=coarse, CMV=0.00 ... Power X2=0.206
  profile=coarse, CMV=0.25 ... Power X2=0.139
  profile=coarse, CMV=0.50 ... Power X2=0.100
  profile=compressed, CMV=0.00 ... Power X2=0.066
  profile=compressed, CMV=0.25 ... Power X2=0.040
  profile=compressed, CMV=0.50 ... Power X2=0.044

Results written to: ./simulations/output/tmgt_cmv_results_extended_20260709_222802.csv
Total cells: 186
